// Jest Snapshot v1, https://goo.gl/fbAQLP

exports[`App Snapshot renders 1`] = `
Array [
  <header
    role="banner"
  >
    <p>
      Hello Company-Logo
    </p>
  </header>,
  <nav
    role="navigation"
  >
    <ul>
      <li>
        Put navigation here
      </li>
    </ul>
  </nav>,
  <main
    role="main"
  >
    <h1>
      React, Webpack, Babel, Dev-server Boilerplate !!!...
    </h1>
    <h2
      className={null}
    >
      0
    </h2>
    <button
      onClick={[Function]}
    >
      Add ++
    </button>
    <button
      onClick={[Function]}
    >
      Sub --
    </button>
  </main>,
  <footer
    role="contentinfo"
  >
    <p>
      Put copyright, etc. here.
    </p>
  </footer>,
]
`;

exports[`Counter Snapshot renders 1`] = `
<label>
  Total data: 
  1
</label>
`;
