// Jest Snapshot v1, https://goo.gl/fbAQLP

exports[`changes the text after click 1`] = `ShallowWrapper {}`;
